// Jest Snapshot v1, https://goo.gl/fbAQLP

exports[`Hello.vue Hello component test 1`] = `<h1 class="hello--red">Hello World!</h1>`;
